+---------+
| Boolean |
+---------+
| true    |
+---------+
+---------+
| Boolean |
+---------+
| true    |
+---------+
+---------+
| Boolean |
+---------+
| false   |
+---------+
+---------+
| Boolean |
+---------+
| false   |
+---------+
+---------+
| Boolean |
+---------+
| false   |
+---------+
+---------+
| Boolean |
+---------+
| true    |
+---------+
+---------+
| Boolean |
+---------+
| false   |
+---------+
+---------+
| Boolean |
+---------+
| false   |
+---------+
+---------+
| Boolean |
+---------+
| true    |
+---------+
