+-----+
| Int |
+-----+
| 1   |
| 1   |
| 1   |
| 1   |
| 1   |
| 1   |
| 1   |
+-----+
+--------+
| String |
+--------+
| Alice  |
| Bob    |
| Clara  |
| Dmitry |
| Eva    |
| Farid  |
| Greta  |
+--------+
+-----+
| Int |
+-----+
| 3   |
| 5   |
| 8   |
| 2   |
| 6   |
| 4   |
| 7   |
+-----+
+----------+
| String   |
+----------+
| fastfood |
| soup     |
| veggie   |
| fastfood |
| seafood  |
| grain    |
| street   |
+----------+
