Boolean
true
Boolean
false
Boolean
true
Boolean
false
Boolean
false
Boolean
true
Boolean
false
Boolean
true
Boolean
true
Boolean
false
Boolean
true
Boolean
false
Boolean
true
Boolean
true
Boolean
false
Boolean
true
Boolean
false
Boolean
true
Boolean
false
Boolean
true
Boolean
true
Boolean
false
Boolean
false
Int
30
Int
50
Int
4
Int
27
Int
6
Float
4.5
Float
1.5
Int
-20
Int
20
Float
2.25
Int
4
Int
20
Float
32
Int
13
Int
6
Int
31
Float
6.5
Float
6
Int
5
Int
7
Int
24
String
hello
String
world
Boolean
true
Boolean
true
Boolean
true
String
alpha
String
beta
Boolean
true
Boolean
true
Boolean
true
Boolean
true
Boolean
true
Boolean
true
Boolean
false
Boolean
true
Boolean
false
String
aboba&arbooz
String
aboba&arbooz
String
aboba&arboozserega
String
\
String
"
String
'
Boolean
true
Boolean
true
String
ab
String
aboba
serega

String
abc
String
1 = 1 + 0 0 9
'

String
AEKOF$ITUQ)(\t\t'"
Boolean
true
Boolean
true
Boolean
true
Boolean
true
Boolean
true
Boolean
true
Boolean
true
Boolean
false
Boolean
false
Boolean
false
Boolean
false
Boolean
false
Boolean
false
Boolean
false
Boolean
false
String
aboba\n
String
serega
String
'quoted'
String
"double"
String

String

String
\n\t\r\0
Boolean
true
Boolean
true
Int
1
<SYNTAX_ERROR>
Int
3
Int
4
Int
10
<SYNTAX_ERROR>
Int
30
Int
40
Int
1
<SEMANTIC_ERROR>
Int
2
<LEXICAL_ERROR>
Int
3
Int
100
<SYNTAX_ERROR>
Int
300
<SYNTAX_ERROR>
Int
500
<SYNTAX_ERROR>
<SYNTAX_ERROR>
<SYNTAX_ERROR>
<SYNTAX_ERROR>
Boolean
true
Boolean
true
Boolean
true
Boolean
true
Boolean
true
Boolean
true
Boolean
true
Boolean
true
Boolean
true
Boolean
true
Boolean
true
Boolean
true
Boolean
true
Boolean
true
Boolean
true
Boolean
true
Boolean
true
Boolean
true
Boolean
false
Boolean
false
Boolean
false
Boolean
false
Boolean
false
Boolean
false
Boolean
true
Boolean
true
Boolean
false
Boolean
false
Boolean
false
Boolean
true
Boolean
false
Boolean
false
Boolean
true
Boolean
true
Boolean
true
Boolean
true
Boolean
true
Boolean
true
Boolean
true
Boolean
true
Boolean
false
Boolean
true
Boolean
true
Boolean
true
Boolean
false
Boolean
true
Boolean
true
Boolean
true
Boolean
true
Int
10
Int
5
Boolean
true
Boolean
true
Boolean
true
Boolean
true
Boolean
true
Boolean
true
Boolean
false
Boolean
true
Boolean
true
Boolean
true
Boolean
true
Boolean
true
Boolean
true
Boolean
true
Boolean
true
Boolean
true
Boolean
false
Boolean
false
Boolean
true
<LEXICAL_ERROR>
<LEXICAL_ERROR>
<LEXICAL_ERROR>
<LEXICAL_ERROR>
<LEXICAL_ERROR>
<LEXICAL_ERROR>
<SYNTAX_ERROR>
<LEXICAL_ERROR>
<LEXICAL_ERROR>
<LEXICAL_ERROR>
<LEXICAL_ERROR>
<LEXICAL_ERROR>
<LEXICAL_ERROR>
<LEXICAL_ERROR>
<LEXICAL_ERROR>
<LEXICAL_ERROR>
<LEXICAL_ERROR>
<LEXICAL_ERROR>
<SEMANTIC_ERROR>
<SEMANTIC_ERROR>
<SEMANTIC_ERROR>
<SEMANTIC_ERROR>
<SEMANTIC_ERROR>
<SEMANTIC_ERROR>
<SEMANTIC_ERROR>
<SEMANTIC_ERROR>
<SYNTAX_ERROR>
<SYNTAX_ERROR>
<SYNTAX_ERROR>
<SYNTAX_ERROR>
<SYNTAX_ERROR>
<SYNTAX_ERROR>
Boolean
true
<LEXICAL_ERROR>
Boolean
true
Boolean
true
<SEMANTIC_ERROR>
<LEXICAL_ERROR>
<SYNTAX_ERROR>
String
a8b8
Boolean
false
Int
12
Float
11
Boolean
true
Boolean
true
<LEXICAL_ERROR>
<LEXICAL_ERROR>
Int
33
Boolean
false
Boolean
true
Int
1
Int
20
Int
21
<SYNTAX_ERROR>
<SYNTAX_ERROR>
<LEXICAL_ERROR>
<SYNTAX_ERROR>
Int
48
Boolean
true
<LEXICAL_ERROR>
Boolean
true
Boolean
true
<SEMANTIC_ERROR>
<LEXICAL_ERROR>
<SYNTAX_ERROR>
String
a32b32
Boolean
false
Int
34
Float
83
Boolean
true
Boolean
true
<LEXICAL_ERROR>
<LEXICAL_ERROR>
Int
81
Boolean
false
Boolean
true
Int
1
Int
44
Int
45
<SYNTAX_ERROR>
<SYNTAX_ERROR>
<LEXICAL_ERROR>
<SYNTAX_ERROR>
Int
83
Boolean
true
<LEXICAL_ERROR>
Boolean
true
Boolean
true
<SEMANTIC_ERROR>
<LEXICAL_ERROR>
<SYNTAX_ERROR>
String
a56b56
Boolean
false
Int
58
Float
29.4
Boolean
true
Boolean
true
<LEXICAL_ERROR>
<LEXICAL_ERROR>
Int
129
Boolean
false
Boolean
true
Int
2
Int
68
Int
69
<SYNTAX_ERROR>
<SYNTAX_ERROR>
<LEXICAL_ERROR>
<SYNTAX_ERROR>
Int
84
Boolean
true
<LEXICAL_ERROR>
Boolean
true
Boolean
true
<SEMANTIC_ERROR>
<LEXICAL_ERROR>
<SYNTAX_ERROR>
String
a80b80
Boolean
false
Int
82
Float
34.5
Boolean
true
Boolean
true
<LEXICAL_ERROR>
<LEXICAL_ERROR>
Int
177
Boolean
false
Boolean
true
Int
0
Int
92
Int
93
<SYNTAX_ERROR>
<SYNTAX_ERROR>
<LEXICAL_ERROR>
<SYNTAX_ERROR>
Int
114
Boolean
true
<LEXICAL_ERROR>
Boolean
true
Boolean
true
<SEMANTIC_ERROR>
<LEXICAL_ERROR>
<SYNTAX_ERROR>
String
a104b104
Boolean
false
Int
106
Float
75.6667
Boolean
true
Boolean
true
<LEXICAL_ERROR>
<LEXICAL_ERROR>
Int
225
Boolean
false
Boolean
true
Int
3
Int
116
Int
117
<SYNTAX_ERROR>
<SYNTAX_ERROR>
<LEXICAL_ERROR>
<SYNTAX_ERROR>
Int
124
Boolean
true
<LEXICAL_ERROR>
Boolean
true
Boolean
true
<SEMANTIC_ERROR>
<LEXICAL_ERROR>
<SYNTAX_ERROR>
String
a128b128
Boolean
false
Int
133
Float
90
Boolean
true
Boolean
true
<LEXICAL_ERROR>
<LEXICAL_ERROR>
Int
273
Boolean
false
Boolean
true
Int
4
Int
140
Int
141
<SYNTAX_ERROR>
<SYNTAX_ERROR>
<LEXICAL_ERROR>
<SYNTAX_ERROR>
Int
174
Boolean
true
<LEXICAL_ERROR>
Boolean
true
Boolean
true
<SEMANTIC_ERROR>
<LEXICAL_ERROR>
<SYNTAX_ERROR>
String
a152b152
Boolean
false
Int
154
Float
240
Boolean
true
Boolean
true
<LEXICAL_ERROR>
<LEXICAL_ERROR>
Int
321
Boolean
false
Boolean
true
Int
1
Int
164
Int
165
<SYNTAX_ERROR>
<SYNTAX_ERROR>
<LEXICAL_ERROR>
<SYNTAX_ERROR>
Int
173
Boolean
true
<LEXICAL_ERROR>
Boolean
true
Boolean
true
<SEMANTIC_ERROR>
<LEXICAL_ERROR>
<SYNTAX_ERROR>
String
a176b176
Boolean
false
Int
180
Float
73.4
Boolean
true
Boolean
true
<LEXICAL_ERROR>
<LEXICAL_ERROR>
Int
369
Boolean
false
Boolean
true
Int
1
Int
188
Int
189
<SYNTAX_ERROR>
<SYNTAX_ERROR>
<LEXICAL_ERROR>
<SYNTAX_ERROR>
Int
208
Boolean
true
<LEXICAL_ERROR>
Boolean
true
Boolean
true
<SEMANTIC_ERROR>
<LEXICAL_ERROR>
<SYNTAX_ERROR>
String
a200b200
Boolean
false
Int
202
Float
264.5
Boolean
true
Boolean
true
<LEXICAL_ERROR>
<LEXICAL_ERROR>
Int
417
Boolean
false
Boolean
true
Int
0
Int
212
Int
213
<SYNTAX_ERROR>
<SYNTAX_ERROR>
<LEXICAL_ERROR>
<SYNTAX_ERROR>
Int
237
Boolean
true
<LEXICAL_ERROR>
Boolean
true
Boolean
true
<SEMANTIC_ERROR>
<LEXICAL_ERROR>
<SYNTAX_ERROR>
String
a224b224
Boolean
false
Int
226
Float
135.667
Boolean
true
Boolean
true
<LEXICAL_ERROR>
<LEXICAL_ERROR>
Int
465
Boolean
false
Boolean
true
Int
4
Int
236
Int
237
<SYNTAX_ERROR>
<SYNTAX_ERROR>
<LEXICAL_ERROR>
<SYNTAX_ERROR>
Int
246
Boolean
true
<LEXICAL_ERROR>
Boolean
true
Boolean
true
<SEMANTIC_ERROR>
<LEXICAL_ERROR>
<SYNTAX_ERROR>
String
a248b248
Boolean
false
Int
250
Float
164
Boolean
true
Boolean
true
<LEXICAL_ERROR>
<LEXICAL_ERROR>
Int
513
Boolean
false
Boolean
true
Int
0
Int
260
Int
261
<SYNTAX_ERROR>
<SYNTAX_ERROR>
<LEXICAL_ERROR>
<SYNTAX_ERROR>
Int
300
Boolean
true
<LEXICAL_ERROR>
